../Core/Src/main.c:87:6:HAL_TIM_PWM_PulseFinishedCallback	16	static
../Core/Src/main.c:93:6:resetAllLED	16	static
../Core/Src/main.c:99:6:setAllLED	16	static
../Core/Src/main.c:104:6:setLED	40	static
../Core/Src/main.c:121:6:ws2812Send	8	static
../Core/Src/main.c:129:6:parseRGBValues	32	static
../Core/Src/main.c:162:6:updateHTMLWithRGB	16	static
../Core/Src/main.c:203:5:main	656	static
../Core/Src/main.c:481:6:SystemClock_Config	72	static
../Core/Src/main.c:521:13:MX_I2C1_Init	8	static
../Core/Src/main.c:555:13:MX_TIM3_Init	48	static
../Core/Src/main.c:604:13:MX_USART1_UART_Init	8	static
../Core/Src/main.c:635:13:MX_DMA_Init	16	static
../Core/Src/main.c:653:13:MX_GPIO_Init	40	static
../Core/Src/main.c:707:6:Error_Handler	4	static,ignoring_inline_asm
