../Core/Src/main.c:64:6:HAL_TIM_PWM_PulseFinishedCallback	16	static
../Core/Src/main.c:70:6:resetAllLED	16	static
../Core/Src/main.c:76:6:setAllLED	16	static
../Core/Src/main.c:81:6:setLED	40	static
../Core/Src/main.c:97:6:ws2812Send	8	static
../Core/Src/main.c:108:5:main	24	static
../Core/Src/main.c:228:6:SystemClock_Config	72	static
../Core/Src/main.c:268:13:MX_TIM3_Init	48	static
../Core/Src/main.c:315:13:MX_DMA_Init	16	static
../Core/Src/main.c:333:13:MX_GPIO_Init	16	static
../Core/Src/main.c:354:6:Error_Handler	4	static,ignoring_inline_asm
