../Core/Src/main.c:106:5:main	32	static
../Core/Src/main.c:187:6:SystemClock_Config	72	static
../Core/Src/main.c:227:13:MX_I2C1_Init	8	static
../Core/Src/main.c:261:13:MX_TIM3_Init	48	static
../Core/Src/main.c:310:13:MX_USART1_UART_Init	8	static
../Core/Src/main.c:343:13:MX_USART2_UART_Init	8	static
../Core/Src/main.c:374:13:MX_DMA_Init	16	static
../Core/Src/main.c:392:13:MX_GPIO_Init	40	static
../Core/Src/main.c:418:6:HAL_GPIO_EXTI_Callback	16	static
../Core/Src/main.c:439:6:Error_Handler	4	static,ignoring_inline_asm
