../Core/Src/main.c:68:6:HAL_TIM_PWM_PulseFinishedCallback	16	static
../Core/Src/main.c:74:6:resetAllLED	16	static
../Core/Src/main.c:79:6:setAllLED	16	static
../Core/Src/main.c:84:6:setLED	40	static
../Core/Src/main.c:100:6:ws2812Send	8	static
../Core/Src/main.c:110:5:main	1864	static
../Core/Src/main.c:381:6:SystemClock_Config	72	static
../Core/Src/main.c:418:13:MX_TIM3_Init	48	static
../Core/Src/main.c:467:13:MX_USART1_UART_Init	8	static
../Core/Src/main.c:498:13:MX_DMA_Init	16	static
../Core/Src/main.c:516:13:MX_GPIO_Init	40	static
../Core/Src/main.c:549:6:Error_Handler	4	static,ignoring_inline_asm
