../Core/Src/main.c:71:6:HAL_TIM_PWM_PulseFinishedCallback	16	static
../Core/Src/main.c:77:6:resetAllLED	16	static
../Core/Src/main.c:82:6:setAllLED	16	static
../Core/Src/main.c:87:6:setLED	40	static
../Core/Src/main.c:103:6:ws2812Send	8	static
../Core/Src/main.c:113:5:main	1944	static
../Core/Src/main.c:401:6:SystemClock_Config	88	static
../Core/Src/main.c:445:13:MX_ADC1_Init	24	static
../Core/Src/main.c:492:13:MX_TIM3_Init	48	static
../Core/Src/main.c:541:13:MX_USART1_UART_Init	8	static
../Core/Src/main.c:572:13:MX_DMA_Init	16	static
../Core/Src/main.c:590:13:MX_GPIO_Init	40	static
../Core/Src/main.c:630:6:Error_Handler	4	static,ignoring_inline_asm
