../Core/Src/main.c:101:6:HAL_TIM_PWM_PulseFinishedCallback	16	static
../Core/Src/main.c:107:6:resetAllLED	16	static
../Core/Src/main.c:113:6:setAllLED	16	static
../Core/Src/main.c:118:6:setLED	40	static
../Core/Src/main.c:134:6:ws2812Send	8	static
../Core/Src/main.c:154:5:main	1216	static
../Core/Src/main.c:470:6:SystemClock_Config	72	static
../Core/Src/main.c:510:13:MX_I2C1_Init	8	static
../Core/Src/main.c:544:13:MX_TIM3_Init	64	static
../Core/Src/main.c:603:13:MX_USART1_UART_Init	8	static
../Core/Src/main.c:636:13:MX_USART2_UART_Init	8	static
../Core/Src/main.c:667:13:MX_DMA_Init	16	static
../Core/Src/main.c:685:13:MX_GPIO_Init	24	static
../Core/Src/main.c:707:6:Error_Handler	4	static,ignoring_inline_asm
